QAD_GPIO.cpp:34:1:QAD_GPIO_Output::QAD_GPIO_Output(GPIO_TypeDef*, uint16_t)	24	static
QAD_GPIO.cpp:56:1:QAD_GPIO_Output::QAD_GPIO_Output(GPIO_TypeDef*, uint16_t, QAD_GPIO_OutputMode, QAD_GPIO_PullMode, QAD_GPIO_Speed)	24	static
QAD_GPIO.cpp:73:1:QAD_GPIO_Output::~QAD_GPIO_Output()	16	static
QAD_GPIO.cpp:84:6:void QAD_GPIO_Output::on()	16	static
QAD_GPIO.cpp:94:6:void QAD_GPIO_Output::off()	16	static
QAD_GPIO.cpp:104:6:void QAD_GPIO_Output::toggle()	16	static
QAD_GPIO.cpp:121:19:QAD_GPIO_PinState QAD_GPIO_Output::getState()	16	static
QAD_GPIO.cpp:131:6:void QAD_GPIO_Output::setOutputMode(QAD_GPIO_OutputMode)	16	static
QAD_GPIO.cpp:149:21:QAD_GPIO_OutputMode QAD_GPIO_Output::getOutputMode()	16	static
QAD_GPIO.cpp:161:6:void QAD_GPIO_Output::setPullMode(QAD_GPIO_PullMode)	16	static
QAD_GPIO.cpp:175:19:QAD_GPIO_PullMode QAD_GPIO_Output::getPullMode()	16	static
QAD_GPIO.cpp:187:6:void QAD_GPIO_Output::setSpeed(QAD_GPIO_Speed)	16	static
QAD_GPIO.cpp:201:16:QAD_GPIO_Speed QAD_GPIO_Output::getSpeed()	16	static
QAD_GPIO.cpp:216:6:void QAD_GPIO_Output::periphInit()	40	static
QAD_GPIO.cpp:231:6:void QAD_GPIO_Output::periphDeinit()	16	static
QAD_GPIO.cpp:257:1:QAD_GPIO_Input::QAD_GPIO_Input(GPIO_TypeDef*, uint16_t)	24	static
QAD_GPIO.cpp:274:1:QAD_GPIO_Input::QAD_GPIO_Input(GPIO_TypeDef*, uint16_t, QAD_GPIO_PullMode)	24	static
QAD_GPIO.cpp:286:1:QAD_GPIO_Input::~QAD_GPIO_Input()	16	static
QAD_GPIO.cpp:300:19:QAD_GPIO_PinState QAD_GPIO_Input::getState()	16	static
QAD_GPIO.cpp:310:6:virtual void QAD_GPIO_Input::setPullMode(QAD_GPIO_PullMode)	16	static
QAD_GPIO.cpp:324:19:QAD_GPIO_PullMode QAD_GPIO_Input::getPullMode()	16	static
QAD_GPIO.cpp:340:6:void QAD_GPIO_Input::periphInit()	40	static
QAD_GPIO.cpp:356:6:void QAD_GPIO_Input::periphDeinit()	16	static
