QAD_UARTMgr.hpp:114:22:static QAD_UARTMgr& QAD_UARTMgr::get()	8	static
QAD_UARTMgr.hpp:126:24:static QAD_UART_State QAD_UARTMgr::getState(QAD_UART_Periph)	16	static
QAD_UARTMgr.hpp:136:24:static USART_TypeDef* QAD_UARTMgr::getInstance(QAD_UART_Periph)	16	static
QAD_UARTMgr.hpp:146:19:static IRQn_Type QAD_UARTMgr::getIRQ(QAD_UART_Periph)	16	static
QAD_UARTMgr.hpp:160:14:static void QAD_UARTMgr::registerUART(QAD_UART_Periph)	16	static
QAD_UARTMgr.hpp:166:14:static void QAD_UARTMgr::deregisterUART(QAD_UART_Periph)	16	static
QAD_UARTMgr.hpp:176:14:static void QAD_UARTMgr::enableClock(QAD_UART_Periph)	16	static
QAD_UARTMgr.hpp:182:14:static void QAD_UARTMgr::disableClock(QAD_UART_Periph)	16	static
QAD_UART.cpp:32:11:QA_Result QAD_UART::init()	24	static
QAD_UART.cpp:49:6:void QAD_UART::deinit()	16	static
QAD_UART.cpp:62:14:QA_InitState QAD_UART::getState()	16	static
QAD_UART.cpp:71:21:UART_HandleTypeDef& QAD_UART::getHandle()	16	static
QAD_UART.cpp:83:6:void QAD_UART::startTX()	16	static
QAD_UART.cpp:93:6:void QAD_UART::stopTX()	16	static
QAD_UART.cpp:103:16:QA_ActiveState QAD_UART::getTXState()	16	static
QAD_UART.cpp:112:6:void QAD_UART::startRX()	16	static
QAD_UART.cpp:122:6:void QAD_UART::stopRX()	16	static
QAD_UART.cpp:132:16:QA_ActiveState QAD_UART::getRXState()	16	static
QAD_UART.cpp:146:6:void QAD_UART::dataTX(uint8_t)	16	static
QAD_UART.cpp:156:9:uint8_t QAD_UART::dataRX()	16	static
QAD_UART.cpp:172:11:QA_Result QAD_UART::periphInit()	40	static
QAD_UART.cpp:232:6:void QAD_UART::periphDeinit(QAD_UART::DeinitMode)	16	static
