QAD_LTDC.hpp:142:2:QAD_LTDC::QAD_LTDC()	16	static
QAD_LTDC.hpp:157:19:static QAD_LTDC& QAD_LTDC::get()	8	static
QAD_LTDC.hpp:184:14:static void QAD_LTDC::dsi_IO_WriteCmd(uint32_t, uint8_t*)	16	static
QAD_LTDC.cpp:37:11:QA_Result QAD_LTDC::imp_init()	144	static
QAD_LTDC.cpp:300:6:void QAD_LTDC::imp_deinit()	16	static
QAD_LTDC.cpp:352:6:void QAD_LTDC::imp_dsi_IO_WriteCmd(uint32_t, uint8_t*)	32	static
QAD_LTDC.cpp:367:6:void QAD_LTDC::imp_lcdOn()	24	static
QAD_LTDC.cpp:375:6:void QAD_LTDC::imp_lcdOff()	24	static
QAD_LTDC.cpp:383:6:void QAD_LTDC::imp_setBrightness(uint8_t)	24	static
QAD_LTDC.cpp:394:6:void QAD_LTDC::imp_flipLayer0Buffers()	24	static
QAD_LTDC.cpp:419:6:void QAD_LTDC::imp_flipLayer1Buffers()	24	static
QAD_LTDC.cpp:448:7:void* QAD_LTDC::imp_getLayer0BackBufferPtr()	16	static
QAD_LTDC.cpp:467:18:QAD_LTDC_Buffer* QAD_LTDC::imp_getLayer0BackBuffer()	16	static
QAD_LTDC.cpp:486:7:void* QAD_LTDC::imp_getLayer1BackBufferPtr()	16	static
QAD_LTDC.cpp:505:18:QAD_LTDC_Buffer* QAD_LTDC::imp_getLayer1BackBuffer()	16	static
QAD_LTDC.cpp:530:6:void DSI_IO_WriteCmd(uint32_t, uint8_t*)	16	static
