QAD_UARTMgr.hpp:119:22:static QAD_UARTMgr& QAD_UARTMgr::get()	8	static
QAD_UARTMgr.hpp:131:24:static QAD_UART_State QAD_UARTMgr::getState(QAD_UART_Periph)	16	static
QAD_UARTMgr.hpp:141:24:static USART_TypeDef* QAD_UARTMgr::getInstance(QAD_UART_Periph)	16	static
QAD_UARTMgr.hpp:151:19:static IRQn_Type QAD_UARTMgr::getIRQ(QAD_UART_Periph)	16	static
QAD_UARTMgr.hpp:165:14:static void QAD_UARTMgr::registerUART(QAD_UART_Periph)	16	static
QAD_UARTMgr.hpp:171:14:static void QAD_UARTMgr::deregisterUART(QAD_UART_Periph)	16	static
QAD_UARTMgr.hpp:181:14:static void QAD_UARTMgr::enableClock(QAD_UART_Periph)	16	static
QAD_UARTMgr.hpp:187:14:static void QAD_UARTMgr::disableClock(QAD_UART_Periph)	16	static
QAD_UART.cpp:35:11:QA_Result QAD_UART::init()	24	static
QAD_UART.cpp:52:6:void QAD_UART::deinit()	16	static
QAD_UART.cpp:65:14:QA_InitState QAD_UART::getState()	16	static
QAD_UART.cpp:74:21:UART_HandleTypeDef& QAD_UART::getHandle()	16	static
QAD_UART.cpp:86:6:void QAD_UART::startTX()	16	static
QAD_UART.cpp:96:6:void QAD_UART::stopTX()	16	static
QAD_UART.cpp:106:16:QA_ActiveState QAD_UART::getTXState()	16	static
QAD_UART.cpp:115:6:void QAD_UART::startRX()	16	static
QAD_UART.cpp:125:6:void QAD_UART::stopRX()	16	static
QAD_UART.cpp:135:16:QA_ActiveState QAD_UART::getRXState()	16	static
QAD_UART.cpp:149:6:void QAD_UART::dataTX(uint8_t)	16	static
QAD_UART.cpp:159:9:uint8_t QAD_UART::dataRX()	16	static
QAD_UART.cpp:175:11:QA_Result QAD_UART::periphInit()	40	static
QAD_UART.cpp:235:6:void QAD_UART::periphDeinit(QAD_UART::DeinitMode)	16	static
