QAD_TimerMgr.hpp:144:23:static QAD_TimerMgr& QAD_TimerMgr::get()	8	static
QAD_TimerMgr.hpp:156:25:static QAD_Timer_State QAD_TimerMgr::getState(QAD_Timer_Periph)	16	static
QAD_TimerMgr.hpp:198:22:static TIM_TypeDef* QAD_TimerMgr::getInstance(QAD_Timer_Periph)	16	static
QAD_TimerMgr.hpp:205:19:static IRQn_Type QAD_TimerMgr::getUpdateIRQ(QAD_Timer_Periph)	16	static
QAD_TimerMgr.hpp:216:19:static QA_Result QAD_TimerMgr::registerTimer(QAD_Timer_Periph, QAD_Timer_State)	16	static
QAD_TimerMgr.hpp:222:14:static void QAD_TimerMgr::deregisterTimer(QAD_Timer_Periph)	16	static
QAD_TimerMgr.hpp:252:14:static void QAD_TimerMgr::enableClock(QAD_Timer_Periph)	16	static
QAD_TimerMgr.hpp:258:14:static void QAD_TimerMgr::disableClock(QAD_Timer_Periph)	16	static
QAD_Timer.cpp:36:11:QA_Result QAD_Timer::init()	24	static
QAD_Timer.cpp:61:6:void QAD_Timer::deinit()	16	static
QAD_Timer.cpp:83:6:void QAD_Timer::handler()	16	static
QAD_Timer.cpp:126:6:void QAD_Timer::setHandlerFunction(QAD_IRQHandler_CallbackFunction)	16	static
QAD_Timer.cpp:136:6:void QAD_Timer::setHandlerClass(QAD_IRQHandler_CallbackClass*)	16	static
QAD_Timer.cpp:146:6:void QAD_Timer::setTimerMode(QAD_TimerMode)	16	static
QAD_Timer.cpp:155:15:QAD_TimerMode QAD_Timer::getTimerMode()	16	static
QAD_Timer.cpp:165:6:void QAD_Timer::setIRQCounterTarget(uint16_t)	16	static
QAD_Timer.cpp:174:10:uint16_t QAD_Timer::getIRQCounterTarget()	16	static
QAD_Timer.cpp:183:10:uint16_t QAD_Timer::getIRQCounterValue()	16	static
QAD_Timer.cpp:192:6:void QAD_Timer::clearIRQCounterValue()	16	static
QAD_Timer.cpp:201:6:void QAD_Timer::start()	16	static
QAD_Timer.cpp:225:6:void QAD_Timer::stop()	16	static
QAD_Timer.cpp:253:11:QA_Result QAD_Timer::periphInit()	16	static
QAD_Timer.cpp:294:6:void QAD_Timer::periphDeinit(QAD_Timer::DeinitMode)	16	static
