QAD_GPIO.cpp:37:1:QAD_GPIO_Output::QAD_GPIO_Output(GPIO_TypeDef*, uint16_t)	24	static
QAD_GPIO.cpp:59:1:QAD_GPIO_Output::QAD_GPIO_Output(GPIO_TypeDef*, uint16_t, QAD_GPIO_OutputMode, QAD_GPIO_PullMode, QAD_GPIO_Speed)	24	static
QAD_GPIO.cpp:76:1:QAD_GPIO_Output::~QAD_GPIO_Output()	16	static
QAD_GPIO.cpp:87:6:void QAD_GPIO_Output::on()	16	static
QAD_GPIO.cpp:97:6:void QAD_GPIO_Output::off()	16	static
QAD_GPIO.cpp:107:6:void QAD_GPIO_Output::toggle()	16	static
QAD_GPIO.cpp:124:19:QAD_GPIO_PinState QAD_GPIO_Output::getState()	16	static
QAD_GPIO.cpp:134:6:void QAD_GPIO_Output::setOutputMode(QAD_GPIO_OutputMode)	16	static
QAD_GPIO.cpp:152:21:QAD_GPIO_OutputMode QAD_GPIO_Output::getOutputMode()	16	static
QAD_GPIO.cpp:164:6:void QAD_GPIO_Output::setPullMode(QAD_GPIO_PullMode)	16	static
QAD_GPIO.cpp:178:19:QAD_GPIO_PullMode QAD_GPIO_Output::getPullMode()	16	static
QAD_GPIO.cpp:190:6:void QAD_GPIO_Output::setSpeed(QAD_GPIO_Speed)	16	static
QAD_GPIO.cpp:204:16:QAD_GPIO_Speed QAD_GPIO_Output::getSpeed()	16	static
QAD_GPIO.cpp:219:6:void QAD_GPIO_Output::periphInit()	40	static
QAD_GPIO.cpp:234:6:void QAD_GPIO_Output::periphDeinit()	16	static
QAD_GPIO.cpp:260:1:QAD_GPIO_Input::QAD_GPIO_Input(GPIO_TypeDef*, uint16_t)	24	static
QAD_GPIO.cpp:277:1:QAD_GPIO_Input::QAD_GPIO_Input(GPIO_TypeDef*, uint16_t, QAD_GPIO_PullMode)	24	static
QAD_GPIO.cpp:289:1:QAD_GPIO_Input::~QAD_GPIO_Input()	16	static
QAD_GPIO.cpp:303:19:QAD_GPIO_PinState QAD_GPIO_Input::getState()	16	static
QAD_GPIO.cpp:313:6:virtual void QAD_GPIO_Input::setPullMode(QAD_GPIO_PullMode)	16	static
QAD_GPIO.cpp:327:19:QAD_GPIO_PullMode QAD_GPIO_Input::getPullMode()	16	static
QAD_GPIO.cpp:343:6:void QAD_GPIO_Input::periphInit()	40	static
QAD_GPIO.cpp:359:6:void QAD_GPIO_Input::periphDeinit()	16	static
