QAD_TimerMgr.hpp:144:23:static QAD_TimerMgr& QAD_TimerMgr::get()	8	static
QAD_TimerMgr.hpp:156:25:static QAD_Timer_State QAD_TimerMgr::getState(QAD_Timer_Periph)	16	static
QAD_TimerMgr.hpp:184:14:static bool QAD_TimerMgr::getEncoder(QAD_Timer_Periph)	16	static
QAD_TimerMgr.hpp:198:22:static TIM_TypeDef* QAD_TimerMgr::getInstance(QAD_Timer_Periph)	16	static
QAD_TimerMgr.hpp:216:19:static QA_Result QAD_TimerMgr::registerTimer(QAD_Timer_Periph, QAD_Timer_State)	16	static
QAD_TimerMgr.hpp:222:14:static void QAD_TimerMgr::deregisterTimer(QAD_Timer_Periph)	16	static
QAD_TimerMgr.hpp:252:14:static void QAD_TimerMgr::enableClock(QAD_Timer_Periph)	16	static
QAD_TimerMgr.hpp:258:14:static void QAD_TimerMgr::disableClock(QAD_Timer_Periph)	16	static
QAD_Encoder.cpp:36:11:QA_Result QAD_Encoder::init()	24	static
QAD_Encoder.cpp:66:6:void QAD_Encoder::deinit()	16	static
QAD_Encoder.cpp:88:6:void QAD_Encoder::start()	16	static
QAD_Encoder.cpp:109:6:void QAD_Encoder::stop()	16	static
QAD_Encoder.cpp:132:6:void QAD_Encoder::update(uint32_t)	24	static
QAD_Encoder.cpp:165:16:QA_ActiveState QAD_Encoder::getState()	16	static
QAD_Encoder.cpp:179:9:int16_t QAD_Encoder::getValue()	24	static
QAD_Encoder.cpp:204:10:uint16_t QAD_Encoder::getAccel()	16	static
QAD_Encoder.cpp:214:6:void QAD_Encoder::setMode(QAD_EncoderMode)	16	static
QAD_Encoder.cpp:223:17:QAD_EncoderMode QAD_Encoder::getMode()	16	static
QAD_Encoder.cpp:239:11:QA_Result QAD_Encoder::periphInit()	72	static
QAD_Encoder.cpp:300:6:void QAD_Encoder::periphDeinit(QAD_Encoder::DeinitMode)	16	static
QAD_Encoder.cpp:330:6:void QAD_Encoder::clearData()	16	static
