stm32f7xx_ll_utils.h:257:22:LL_InitTick	16	static
stm32f7xx_ll_rcc.h:1954:22:LL_RCC_HSE_EnableBypass	4	static
stm32f7xx_ll_rcc.h:1964:22:LL_RCC_HSE_DisableBypass	4	static
stm32f7xx_ll_rcc.h:1974:22:LL_RCC_HSE_Enable	4	static
stm32f7xx_ll_rcc.h:1994:26:LL_RCC_HSE_IsReady	4	static
stm32f7xx_ll_rcc.h:2012:22:LL_RCC_HSI_Enable	4	static
stm32f7xx_ll_rcc.h:2032:26:LL_RCC_HSI_IsReady	4	static
stm32f7xx_ll_rcc.h:2216:22:LL_RCC_SetSysClkSource	16	static
stm32f7xx_ll_rcc.h:2229:26:LL_RCC_GetSysClkSource	4	static
stm32f7xx_ll_rcc.h:2249:22:LL_RCC_SetAHBPrescaler	16	static
stm32f7xx_ll_rcc.h:2265:22:LL_RCC_SetAPB1Prescaler	16	static
stm32f7xx_ll_rcc.h:2281:22:LL_RCC_SetAPB2Prescaler	16	static
stm32f7xx_ll_rcc.h:3134:22:LL_RCC_PLL_Enable	4	static
stm32f7xx_ll_rcc.h:3155:26:LL_RCC_PLL_IsReady	4	static
stm32f7xx_ll_rcc.h:3243:22:LL_RCC_PLL_ConfigDomain_SYS	24	static
stm32f7xx_ll_rcc.h:3713:26:LL_RCC_PLLI2S_IsReady	4	static
stm32f7xx_ll_rcc.h:4181:26:LL_RCC_PLLSAI_IsReady	4	static
stm32f7xx_ll_system.h:891:22:LL_FLASH_SetLatency	16	static
stm32f7xx_ll_system.h:917:26:LL_FLASH_GetLatency	4	static
stm32f7xx_ll_pwr.h:284:26:LL_PWR_IsEnabledOverDriveMode	4	static
stm32f7xx_ll_pwr.h:311:26:LL_PWR_GetRegulVoltageScaling	4	static
stm32f7xx_ll_utils.c:219:6:LL_Init1msTick	16	static
stm32f7xx_ll_utils.c:235:6:LL_mDelay	24	static
stm32f7xx_ll_utils.c:312:6:LL_SetSystemCoreClock	16	static
stm32f7xx_ll_utils.c:327:13:LL_SetFlashLatency	32	static
stm32f7xx_ll_utils.c:489:13:LL_PLL_ConfigSystemClock_HSI	24	static
stm32f7xx_ll_utils.c:547:13:LL_PLL_ConfigSystemClock_HSE	32	static
stm32f7xx_ll_utils.c:618:17:UTILS_GetPLLOutputFrequency	24	static
stm32f7xx_ll_utils.c:649:20:UTILS_PLL_IsBusy	16	static
stm32f7xx_ll_utils.c:684:20:UTILS_EnablePLLAndSwitchSystem	24	static
