stm32f7xx_hal_dsi.c:223:13:DSI_ConfigPacketHeader	24	static
stm32f7xx_hal_dsi.c:246:26:DSI_ShortWrite	32	static
stm32f7xx_hal_dsi.c:303:19:HAL_DSI_Init	40	static
stm32f7xx_hal_dsi.c:438:19:HAL_DSI_DeInit	32	static
stm32f7xx_hal_dsi.c:496:19:HAL_DSI_ConfigErrorMonitor	16	static
stm32f7xx_hal_dsi.c:579:13:HAL_DSI_MspInit	16	static
stm32f7xx_hal_dsi.c:594:13:HAL_DSI_MspDeInit	16	static
stm32f7xx_hal_dsi.c:809:6:HAL_DSI_IRQHandler	24	static
stm32f7xx_hal_dsi.c:930:13:HAL_DSI_TearingEffectCallback	16	static
stm32f7xx_hal_dsi.c:945:13:HAL_DSI_EndOfRefreshCallback	16	static
stm32f7xx_hal_dsi.c:960:13:HAL_DSI_ErrorCallback	16	static
stm32f7xx_hal_dsi.c:1020:19:HAL_DSI_SetGenericVCID	16	static
stm32f7xx_hal_dsi.c:1043:19:HAL_DSI_ConfigVideoMode	16	static
stm32f7xx_hal_dsi.c:1193:19:HAL_DSI_ConfigAdaptedCommandMode	16	static
stm32f7xx_hal_dsi.c:1264:19:HAL_DSI_ConfigCommand	16	static
stm32f7xx_hal_dsi.c:1327:19:HAL_DSI_ConfigFlowControl	16	static
stm32f7xx_hal_dsi.c:1353:19:HAL_DSI_ConfigPhyTimer	24	static
stm32f7xx_hal_dsi.c:1399:19:HAL_DSI_ConfigHostTimeouts	16	static
stm32f7xx_hal_dsi.c:1452:19:HAL_DSI_Start	24	static
stm32f7xx_hal_dsi.c:1475:19:HAL_DSI_Stop	24	static
stm32f7xx_hal_dsi.c:1498:19:HAL_DSI_Refresh	16	static
stm32f7xx_hal_dsi.c:1520:19:HAL_DSI_ColorMode	16	static
stm32f7xx_hal_dsi.c:1546:19:HAL_DSI_Shutdown	16	static
stm32f7xx_hal_dsi.c:1577:19:HAL_DSI_ShortWrite	40	static
stm32f7xx_hal_dsi.c:1612:19:HAL_DSI_LongWrite	56	static
stm32f7xx_hal_dsi.c:1699:19:HAL_DSI_Read	56	static
stm32f7xx_hal_dsi.c:1800:19:HAL_DSI_EnterULPMData	24	static
stm32f7xx_hal_dsi.c:1863:19:HAL_DSI_ExitULPMData	24	static
stm32f7xx_hal_dsi.c:1932:19:HAL_DSI_EnterULPM	24	static
stm32f7xx_hal_dsi.c:2004:19:HAL_DSI_ExitULPM	24	static
stm32f7xx_hal_dsi.c:2106:19:HAL_DSI_PatternGeneratorStart	24	static
stm32f7xx_hal_dsi.c:2130:19:HAL_DSI_PatternGeneratorStop	16	static
stm32f7xx_hal_dsi.c:2155:19:HAL_DSI_SetSlewRateAndDelayTuning	24	static
stm32f7xx_hal_dsi.c:2247:19:HAL_DSI_SetLowPowerRXFilter	16	static
stm32f7xx_hal_dsi.c:2270:19:HAL_DSI_SetSDD	16	static
stm32f7xx_hal_dsi.c:2299:19:HAL_DSI_SetLanePinsConfiguration	24	static
stm32f7xx_hal_dsi.c:2386:19:HAL_DSI_SetPHYTimings	24	static
stm32f7xx_hal_dsi.c:2533:19:HAL_DSI_ForceTXStopMode	24	static
stm32f7xx_hal_dsi.c:2575:19:HAL_DSI_ForceRXLowPower	16	static
stm32f7xx_hal_dsi.c:2600:19:HAL_DSI_ForceDataLanesInRX	16	static
stm32f7xx_hal_dsi.c:2625:19:HAL_DSI_SetPullDown	16	static
stm32f7xx_hal_dsi.c:2650:19:HAL_DSI_SetContentionDetectionOff	16	static
stm32f7xx_hal_dsi.c:2694:22:HAL_DSI_GetState	16	static
stm32f7xx_hal_dsi.c:2705:10:HAL_DSI_GetError	16	static
