gthr-default.h:229:1:int __gthread_key_delete(__gthread_key_t)	16	static
handlers.cpp:43:7:void NMI_Handler()	4	static
handlers.cpp:50:7:void HardFault_Handler()	8	static
handlers.cpp:59:7:void MemManage_Handler()	8	static
handlers.cpp:68:7:void BusFault_Handler()	8	static
handlers.cpp:77:7:void UsageFault_Handler()	8	static
handlers.cpp:86:7:void SVC_Handler()	4	static
handlers.cpp:93:7:void DebugMon_Handler()	4	static
handlers.cpp:100:7:void PendSV_Handler()	4	static
handlers.cpp:107:7:void SysTick_Handler()	8	static
handlers.cpp:123:6:void USART1_IRQHandler()	8	static
