gthr-default.h:229:1:int __gthread_key_delete(__gthread_key_t)	16	static
handlers.cpp:46:7:void NMI_Handler()	4	static
handlers.cpp:53:7:void HardFault_Handler()	8	static
handlers.cpp:62:7:void MemManage_Handler()	8	static
handlers.cpp:71:7:void BusFault_Handler()	8	static
handlers.cpp:80:7:void UsageFault_Handler()	8	static
handlers.cpp:89:7:void SVC_Handler()	4	static
handlers.cpp:96:7:void DebugMon_Handler()	4	static
handlers.cpp:103:7:void PendSV_Handler()	4	static
handlers.cpp:110:7:void SysTick_Handler()	8	static
handlers.cpp:126:6:void USART1_IRQHandler()	8	static
