QAD_FMC.hpp:115:2:QAD_FMC::QAD_FMC()	16	static
QAD_FMC.hpp:130:19:static QAD_FMC& QAD_FMC::get()	8	static
QAD_FMC.hpp:143:20:static QA_Result QAD_FMC::init()	8	static
QAD_FMC.hpp:174:20:static QA_Result QAD_FMC::test()	8	static
QAD_RNG.hpp:54:2:QAD_RNG::QAD_RNG()	16	static
QAD_RNG.hpp:69:19:static QAD_RNG& QAD_RNG::get()	8	static
QAD_RNG.hpp:80:20:static QA_Result QAD_RNG::init()	8	static
QAD_RTC.hpp:60:2:QAD_RTC::QAD_RTC()	16	static
QAD_RTC.hpp:76:18:static QAD_RTC& QAD_RTC::get()	8	static
QAD_RTC.hpp:87:19:static QA_Result QAD_RTC::init()	8	static
QAD_I2C.hpp:170:2:QAD_I2C::QAD_I2C(QAD_I2C_InitStruct&)	16	static
QAT_Vector.hpp:63:3:QAT_Vector2_16::QAT_Vector2_16(uint16_t, uint16_t)	16	static
QAT_Vector.hpp:68:3:QAT_Vector2_16::QAT_Vector2_16(const QAT_Vector2_16&)	16	static
QAD_FT6206.hpp:93:2:QAD_FT6206::QAD_FT6206()	16	static
QAD_FT6206.hpp:108:21:static QAD_FT6206& QAD_FT6206::get()	8	static
QAD_FT6206.hpp:117:19:static QA_Result QAD_FT6206::init(QAD_I2C*)	16	static
QAD_QuadSPI.hpp:89:2:QAD_QuadSPI::QAD_QuadSPI()	16	static
QAD_QuadSPI.hpp:103:22:static QAD_QuadSPI& QAD_QuadSPI::get()	8	static
QAD_QuadSPI.hpp:112:19:static QA_Result QAD_QuadSPI::init()	8	static
QAD_SDMMC.hpp:96:2:QAD_SDMMC::QAD_SDMMC()	16	static
QAD_SDMMC.hpp:116:20:static QAD_SDMMC& QAD_SDMMC::get()	8	static
QAD_SDMMC.hpp:125:19:static QA_Result QAD_SDMMC::init()	8	static
QAD_SDMMC.hpp:137:19:static QA_Result QAD_SDMMC::process()	8	static
QAD_SDMMC.hpp:145:32:static QAD_SDMMC_CardPresence QAD_SDMMC::getCardPresent()	8	static
QAD_SDMMC.hpp:149:29:static QAD_SDMMC_CardState QAD_SDMMC::getCardState()	8	static
QAD_SDMMC.hpp:157:18:static uint32_t QAD_SDMMC::getCardSizeMB()	8	static
QAD_SDMMC.hpp:161:18:static uint32_t QAD_SDMMC::getBlockSize()	8	static
QAD_SDMMC.hpp:165:18:static uint32_t QAD_SDMMC::getBlockCount()	8	static
QAD_SDMMC.hpp:169:18:static uint32_t QAD_SDMMC::getCardType()	8	static
QAD_SDMMC.hpp:173:18:static uint32_t QAD_SDMMC::getCardVersion()	8	static
QAD_SDMMC.hpp:177:18:static uint32_t QAD_SDMMC::getCardClass()	8	static
gthr-default.h:229:1:int __gthread_key_delete(__gthread_key_t)	16	static
QAT_FIFO.hpp:67:2:QAT_FIFOBuffer::QAT_FIFOBuffer(uint16_t)	16	static
QAS_Serial_Dev_Base.hpp:81:2:QAS_Serial_Dev_Base::QAS_Serial_Dev_Base(uint16_t, uint16_t, QAS_Serial_Dev_Base::DeviceType)	24	static
QAD_UART.hpp:97:2:QAD_UART::QAD_UART(QAD_UART_InitStruct&)	16	static
QAS_Serial_Dev_UART.hpp:78:3:QAS_Serial_Dev_UART::QAS_Serial_Dev_UART(QAS_Serial_Dev_UART_InitStruct&)	16	static
stl_vector.h:125:14:std::_Vector_base<QAS_LCD_Font*, std::allocator<QAS_LCD_Font*> >::_Vector_impl::~_Vector_impl()	16	static
stl_vector.h:285:7:std::_Vector_base<_Tp, _Alloc>::_Vector_base() [with _Tp = QAS_LCD_Font*; _Alloc = std::allocator<QAS_LCD_Font*>]	16	static
stl_vector.h:484:7:std::vector<_Tp, _Alloc>::vector() [with _Tp = QAS_LCD_Font*; _Alloc = std::allocator<QAS_LCD_Font*>]	16	static
QAS_LCD_Fonts.hpp:201:2:QAS_LCD_FontMgr::QAS_LCD_FontMgr()	16	static
QAS_LCD_Fonts.hpp:211:2:QAS_LCD_FontMgr::~QAS_LCD_FontMgr()	32	static
QAS_LCD.hpp:73:2:QAS_LCD::QAS_LCD()	16	static
QAS_LCD.hpp:56:7:QAS_LCD::~QAS_LCD()	16	static
QAS_LCD.hpp:91:19:void __tcf_0()	8	static
QAS_LCD.hpp:90:19:static QAS_LCD& QAS_LCD::get()	8	static
QAS_LCD.hpp:101:20:static QA_Result QAS_LCD::init()	8	static
QAS_LCD.hpp:116:15:static void QAS_LCD::flipLayer0()	8	static
QAS_LCD.hpp:122:15:static void QAS_LCD::flipLayer1()	8	static
QAS_LCD.hpp:128:15:static void QAS_LCD::setDrawBuffer(QAD_LTDC_LayerIdx)	16	static
QAS_LCD.hpp:134:15:static void QAS_LCD::setDrawColor(uint16_t)	16	static
QAS_LCD.hpp:149:15:static void QAS_LCD::clearBuffer()	8	static
QAS_LCD.hpp:171:15:static void QAS_LCD::drawRect(QAT_Vector2_16, QAT_Vector2_16)	16	static
QAS_LCD.hpp:178:15:static void QAS_LCD::drawRectFill(QAT_Vector2_16, QAT_Vector2_16)	16	static
QAS_LCD.hpp:189:15:static void QAS_LCD::setFontByName(const char*)	16	static
QAS_LCD.hpp:195:15:static void QAS_LCD::setFontByIndex(uint8_t)	16	static
QAS_LCD.hpp:211:15:static void QAS_LCD::drawStrL(QAT_Vector2_16, const char*)	32	static
QAS_LCD.hpp:219:15:static void QAS_LCD::drawStrC(QAT_Vector2_16, const char*)	32	static
main.cpp:92:5:int main()	392	static
main.cpp:273:11:QA_Result QA_DriverInit()	96	static
main.cpp:439:11:QA_Result QA_SystemInit()	32	static
unique_ptr.h:862:5:typename std::_MakeUniq<_Tp>::__array std::make_unique(std::size_t) [with _Tp = unsigned char []]	24	static
unique_ptr.h:856:5:) [with _Tp = QAT_FIFOBuffer; _Args = {short unsigned int&}]	24	static
unique_ptr.h:856:5:) [with _Tp = QAD_UART; _Args = {QAD_UART_InitStruct&}]	24	static
stl_vector.h:128:2:std::_Vector_base<_Tp, _Alloc>::_Vector_impl::_Vector_impl() [with _Tp = QAS_LCD_Font*; _Alloc = std::allocator<QAS_LCD_Font*>]	16	static
allocator.h:153:7:std::allocator< <template-parameter-1-1> >::~allocator() [with _Tp = QAS_LCD_Font*]	16	static
stl_vector.h:330:7:std::_Vector_base<_Tp, _Alloc>::~_Vector_base() [with _Tp = QAS_LCD_Font*; _Alloc = std::allocator<QAS_LCD_Font*>]	16	static
stl_vector.h:675:7:std::vector<_Tp, _Alloc>::~vector() [with _Tp = QAS_LCD_Font*; _Alloc = std::allocator<QAS_LCD_Font*>]	24	static
stl_vector.h:1495:7:void std::vector<_Tp, _Alloc>::clear() [with _Tp = QAS_LCD_Font*; _Alloc = std::allocator<QAS_LCD_Font*>]	16	static
stl_vector.h:915:7:std::vector<_Tp, _Alloc>::size_type std::vector<_Tp, _Alloc>::size() const [with _Tp = QAS_LCD_Font*; _Alloc = std::allocator<QAS_LCD_Font*>]	16	static
stl_vector.h:1040:7:std::vector<_Tp, _Alloc>::reference std::vector<_Tp, _Alloc>::operator[](std::vector<_Tp, _Alloc>::size_type) [with _Tp = QAS_LCD_Font*; _Alloc = std::allocator<QAS_LCD_Font*>]	16	static
unique_ptr.h:493:2:std::unique_ptr<_Tp [], _Dp>::unique_ptr(_Up) [with _Up = unsigned char*; _Vp = std::default_delete<unsigned char []>; <template-parameter-2-3> = void; <template-parameter-2-4> = bool; _Tp = unsigned char; _Dp = std::default_delete<unsigned char []>]	16	static
unique_ptr.h:153:18:std::__uniq_ptr_impl<_Tp, _Dp>::pointer& std::__uniq_ptr_impl<_Tp, _Dp>::_M_ptr() [with _Tp = unsigned char; _Dp = std::default_delete<unsigned char []>]	16	static
move.h:74:5:constexpr _Tp&& std::forward(typename std::remove_reference<_Tp>::type&) [with _Tp = short unsigned int&]	16	static
unique_ptr.h:211:2:std::unique_ptr<_Tp, _Dp>::unique_ptr(std::unique_ptr<_Tp, _Dp>::pointer) [with _Del = std::default_delete<QAT_FIFOBuffer>; <template-parameter-2-2> = void; _Tp = QAT_FIFOBuffer; _Dp = std::default_delete<QAT_FIFOBuffer>]	16	static
unique_ptr.h:153:18:std::__uniq_ptr_impl<_Tp, _Dp>::pointer& std::__uniq_ptr_impl<_Tp, _Dp>::_M_ptr() [with _Tp = QAT_FIFOBuffer; _Dp = std::default_delete<QAT_FIFOBuffer>]	16	static
move.h:74:5:constexpr _Tp&& std::forward(typename std::remove_reference<_Tp>::type&) [with _Tp = QAD_UART_InitStruct&]	16	static
unique_ptr.h:211:2:std::unique_ptr<_Tp, _Dp>::unique_ptr(std::unique_ptr<_Tp, _Dp>::pointer) [with _Del = std::default_delete<QAD_UART>; <template-parameter-2-2> = void; _Tp = QAD_UART; _Dp = std::default_delete<QAD_UART>]	16	static
unique_ptr.h:153:18:std::__uniq_ptr_impl<_Tp, _Dp>::pointer& std::__uniq_ptr_impl<_Tp, _Dp>::_M_ptr() [with _Tp = QAD_UART; _Dp = std::default_delete<QAD_UART>]	16	static
allocator.h:138:7:std::allocator< <template-parameter-1-1> >::allocator() [with _Tp = QAS_LCD_Font*]	16	static
stl_vector.h:94:2:std::_Vector_base<_Tp, _Alloc>::_Vector_impl_data::_Vector_impl_data() [with _Tp = QAS_LCD_Font*; _Alloc = std::allocator<QAS_LCD_Font*>]	16	static
new_allocator.h:89:7:__gnu_cxx::new_allocator<_Tp>::~new_allocator() [with _Tp = QAS_LCD_Font*]	16	static
stl_vector.h:347:7:void std::_Vector_base<_Tp, _Alloc>::_M_deallocate(std::_Vector_base<_Tp, _Alloc>::pointer, std::size_t) [with _Tp = QAS_LCD_Font*; _Alloc = std::allocator<QAS_LCD_Font*>]	24	static
stl_vector.h:273:7:std::_Vector_base<_Tp, _Alloc>::_Tp_alloc_type& std::_Vector_base<_Tp, _Alloc>::_M_get_Tp_allocator() [with _Tp = QAS_LCD_Font*; _Alloc = std::allocator<QAS_LCD_Font*>]	16	static
stl_construct.h:203:5:void std::_Destroy(_ForwardIterator, _ForwardIterator, std::allocator<_T2>&) [with _ForwardIterator = QAS_LCD_Font**; _Tp = QAS_LCD_Font*]	24	static
stl_vector.h:1789:7:void std::vector<_Tp, _Alloc>::_M_erase_at_end(std::vector<_Tp, _Alloc>::pointer) [with _Tp = QAS_LCD_Font*; _Alloc = std::allocator<QAS_LCD_Font*>]	32	static
unique_ptr.h:147:7:std::__uniq_ptr_impl<_Tp, _Dp>::__uniq_ptr_impl(std::__uniq_ptr_impl<_Tp, _Dp>::pointer) [with _Tp = unsigned char; _Dp = std::default_delete<unsigned char []>]	16	static
tuple:1320:5:>&) [with unsigned int __i = 0; _Elements = {unsigned char*, std::default_delete<unsigned char []>}]	16	static
unique_ptr.h:147:7:std::__uniq_ptr_impl<_Tp, _Dp>::__uniq_ptr_impl(std::__uniq_ptr_impl<_Tp, _Dp>::pointer) [with _Tp = QAT_FIFOBuffer; _Dp = std::default_delete<QAT_FIFOBuffer>]	16	static
tuple:1320:5:>&) [with unsigned int __i = 0; _Elements = {QAT_FIFOBuffer*, std::default_delete<QAT_FIFOBuffer>}]	16	static
unique_ptr.h:147:7:std::__uniq_ptr_impl<_Tp, _Dp>::__uniq_ptr_impl(std::__uniq_ptr_impl<_Tp, _Dp>::pointer) [with _Tp = QAD_UART; _Dp = std::default_delete<QAD_UART>]	16	static
tuple:1320:5:>&) [with unsigned int __i = 0; _Elements = {QAD_UART*, std::default_delete<QAD_UART>}]	16	static
new_allocator.h:80:7:__gnu_cxx::new_allocator<_Tp>::new_allocator() [with _Tp = QAS_LCD_Font*]	16	static
alloc_traits.h:469:7:static void std::allocator_traits<std::allocator<_Tp1> >::deallocate(std::allocator_traits<std::allocator<_Tp1> >::allocator_type&, std::allocator_traits<std::allocator<_Tp1> >::pointer, std::allocator_traits<std::allocator<_Tp1> >::size_type) [with _Tp = QAS_LCD_Font*]	24	static
stl_construct.h:127:5:void std::_Destroy(_ForwardIterator, _ForwardIterator) [with _ForwardIterator = QAS_LCD_Font**]	16	static
tuple:918:12:constexpr std::tuple<_T1, _T2>::tuple() [with _U1 = unsigned char*; _U2 = std::default_delete<unsigned char []>; typename std::enable_if<std::__and_<std::__is_implicitly_default_constructible<_U1>, std::__is_implicitly_default_constructible<_U2> >::value, bool>::type <anonymous> = true; _T1 = unsigned char*; _T2 = std::default_delete<unsigned char []>]	16	static
tuple:1309:5:>&) [with unsigned int __i = 0; _Head = unsigned char*; _Tail = {std::default_delete<unsigned char []>}]	16	static
tuple:918:12:constexpr std::tuple<_T1, _T2>::tuple() [with _U1 = QAT_FIFOBuffer*; _U2 = std::default_delete<QAT_FIFOBuffer>; typename std::enable_if<std::__and_<std::__is_implicitly_default_constructible<_U1>, std::__is_implicitly_default_constructible<_U2> >::value, bool>::type <anonymous> = true; _T1 = QAT_FIFOBuffer*; _T2 = std::default_delete<QAT_FIFOBuffer>]	16	static
tuple:1309:5:>&) [with unsigned int __i = 0; _Head = QAT_FIFOBuffer*; _Tail = {std::default_delete<QAT_FIFOBuffer>}]	16	static
tuple:918:12:constexpr std::tuple<_T1, _T2>::tuple() [with _U1 = QAD_UART*; _U2 = std::default_delete<QAD_UART>; typename std::enable_if<std::__and_<std::__is_implicitly_default_constructible<_U1>, std::__is_implicitly_default_constructible<_U2> >::value, bool>::type <anonymous> = true; _T1 = QAD_UART*; _T2 = std::default_delete<QAD_UART>]	16	static
tuple:1309:5:>&) [with unsigned int __i = 0; _Head = QAD_UART*; _Tail = {std::default_delete<QAD_UART>}]	16	static
new_allocator.h:119:7:void __gnu_cxx::new_allocator<_Tp>::deallocate(__gnu_cxx::new_allocator<_Tp>::pointer, __gnu_cxx::new_allocator<_Tp>::size_type) [with _Tp = QAS_LCD_Font*]	24	static
stl_construct.h:117:9:static void std::_Destroy_aux<true>::__destroy(_ForwardIterator, _ForwardIterator) [with _ForwardIterator = QAS_LCD_Font**]	16	static
tuple:206:17:>::_Tuple_impl() [with unsigned int _Idx = 0; _Head = unsigned char*; _Tail = {std::default_delete<unsigned char []>}]	16	static
tuple:195:7:>&) [with unsigned int _Idx = 0; _Head = unsigned char*; _Tail = {std::default_delete<unsigned char []>}]	16	static
tuple:206:17:>::_Tuple_impl() [with unsigned int _Idx = 0; _Head = QAT_FIFOBuffer*; _Tail = {std::default_delete<QAT_FIFOBuffer>}]	16	static
tuple:195:7:>&) [with unsigned int _Idx = 0; _Head = QAT_FIFOBuffer*; _Tail = {std::default_delete<QAT_FIFOBuffer>}]	16	static
tuple:206:17:>::_Tuple_impl() [with unsigned int _Idx = 0; _Head = QAD_UART*; _Tail = {std::default_delete<QAD_UART>}]	16	static
tuple:195:7:>&) [with unsigned int _Idx = 0; _Head = QAD_UART*; _Tail = {std::default_delete<QAD_UART>}]	16	static
tuple:339:17:constexpr std::_Tuple_impl<_Idx, _Head>::_Tuple_impl() [with unsigned int _Idx = 1; _Head = std::default_delete<unsigned char []>]	16	static
tuple:122:17:constexpr std::_Head_base<_Idx, _Head, false>::_Head_base() [with unsigned int _Idx = 0; _Head = unsigned char*]	16	static
tuple:160:7:static constexpr _Head& std::_Head_base<_Idx, _Head, false>::_M_head(std::_Head_base<_Idx, _Head, false>&) [with unsigned int _Idx = 0; _Head = unsigned char*]	16	static
tuple:339:17:constexpr std::_Tuple_impl<_Idx, _Head>::_Tuple_impl() [with unsigned int _Idx = 1; _Head = std::default_delete<QAT_FIFOBuffer>]	16	static
tuple:122:17:constexpr std::_Head_base<_Idx, _Head, false>::_Head_base() [with unsigned int _Idx = 0; _Head = QAT_FIFOBuffer*]	16	static
tuple:160:7:static constexpr _Head& std::_Head_base<_Idx, _Head, false>::_M_head(std::_Head_base<_Idx, _Head, false>&) [with unsigned int _Idx = 0; _Head = QAT_FIFOBuffer*]	16	static
tuple:339:17:constexpr std::_Tuple_impl<_Idx, _Head>::_Tuple_impl() [with unsigned int _Idx = 1; _Head = std::default_delete<QAD_UART>]	16	static
tuple:122:17:constexpr std::_Head_base<_Idx, _Head, false>::_Head_base() [with unsigned int _Idx = 0; _Head = QAD_UART*]	16	static
tuple:160:7:static constexpr _Head& std::_Head_base<_Idx, _Head, false>::_M_head(std::_Head_base<_Idx, _Head, false>&) [with unsigned int _Idx = 0; _Head = QAD_UART*]	16	static
tuple:76:17:constexpr std::_Head_base<_Idx, _Head, true>::_Head_base() [with unsigned int _Idx = 1; _Head = std::default_delete<unsigned char []>]	16	static
tuple:76:17:constexpr std::_Head_base<_Idx, _Head, true>::_Head_base() [with unsigned int _Idx = 1; _Head = std::default_delete<QAT_FIFOBuffer>]	16	static
tuple:76:17:constexpr std::_Head_base<_Idx, _Head, true>::_Head_base() [with unsigned int _Idx = 1; _Head = std::default_delete<QAD_UART>]	16	static
